// Jest Snapshot v1, https://goo.gl/fbAQLP

exports[`Pruebas en <AddCategory /> debe mostrarse correcatamente 1`] = `
<form
  className="form"
  onSubmit={[Function]}
>
  <input
    onChange={[Function]}
    placeholder="Escribí aquí tu búsqueda"
    type="text"
    value=""
  />
  <button
    className="btnSend"
    type="submit"
  >
    <i
      className="fas fa-search"
    />
  </button>
</form>
`;
